// Jest Snapshot v1, https://goo.gl/fbAQLP

exports[`Pruebas en <GifItem /> Debe de hacer match con el snapshot 1`] = `
<div>
  <div
    class="card"
  >
    <img
      alt="Ricky and Morty"
      src="http://localhost/www.url.com"
    />
    <p>
      Ricky and Morty
    </p>
  </div>
</div>
`;
